error: implementation of `zc::private::TryConstruct` is not general enough
   --> $DIR/non_static_error.rs:20:18
    |
20  |       let result = zc::try_from!(owner, MyStruct, [u8]);
    |                    ^^^^^^^^^^^^^^^^^^^^^^^^^^^^^^^^^^^^ doesn't satisfy where-clause
    |
   ::: $WORKSPACE/src/lib.rs
    |
    | /     pub fn try_new<C, E>(owner: O, constructor: C) -> Result<Self, (E, O)>
155 | |     where
156 | |         E: 'static,
157 | |         C: for<'o> TryConstruct<'o, <O::Storage as Deref>::Target, Error = E, Dependant = D>,
...   |
164 | |         }
165 | |     }
    | |_____- due to a where-clause on `Zc::<O, D>::try_new`...
...
422 | /     pub unsafe trait TryConstruct<'o, O: ?Sized>: Sized {
423 | |         type Error: 'static;
424 | |         type Dependant: Dependant<'static>;
425 | |
426 | |         unsafe fn try_construct(self, owned: &'o O) -> Result<Self::Dependant, Self::Error>;
427 | |     }
    | |_____- trait `zc::private::TryConstruct` defined here
    |
    = note: ...`for<'r> fn(&'r [u8]) -> std::result::Result<MyStruct<'r>, <MyStruct<'r> as TryFrom<&'r [u8]>>::Error> {_new_fn}` must implement `zc::private::TryConstruct<'0, [u8]>`, for any lifetime `'0`...
    = note: ...but `for<'r> fn(&'r [u8]) -> std::result::Result<MyStruct<'r>, <MyStruct<'r> as TryFrom<&'r [u8]>>::Error> {_new_fn}` actually implements `zc::private::TryConstruct<'1, [u8]>`, for some specific lifetime `'1`
    = note: this error originates in a macro (in Nightly builds, run with -Z macro-backtrace for more info)
